// Jest Snapshot v1, https://goo.gl/fbAQLP

exports[`tests should debounce by specific fields 1`] = `
{
  "headers": {},
  "value": {
    "data": {
      "type": "bar",
    },
  },
}
`;
